// Jest Snapshot v1, https://goo.gl/fbAQLP

exports[`ActAsModal renders with panda svgs, user avatar, table, and proceed button present 1`] = `
<div>
  <CanvasInstUIModal
    label="Act as User"
    onDismiss={[Function]}
    open={true}
    size="fullscreen"
    transition="fade"
  >
    <ModalBody
      as="div"
      padding="medium"
      variant="default"
    >
      <div
        className="ActAs__body"
      >
        <div
          className="ActAs__svgContainer"
        >
          <div
            className="ActAs__svg"
          >
            <ActAsPanda />
          </div>
          <div
            className="ActAs__svg"
          >
            <ActAsMask />
          </div>
        </div>
        <div
          className="ActAs__text"
        >
          <View
            as="div"
            borderColor="default"
            debug={false}
            display="auto"
            focusColor="info"
            focusPosition="offset"
            focused={false}
            overflowX="visible"
            overflowY="visible"
            position="static"
            shouldAnimateFocus={true}
            size="small"
          >
            <View
              as="div"
              borderColor="default"
              debug={false}
              display="auto"
              focusColor="info"
              focusPosition="offset"
              focused={false}
              overflowX="visible"
              overflowY="visible"
              padding="0 0 x-small 0"
              position="static"
              shouldAnimateFocus={true}
              textAlign="center"
            >
              <Text
                as="span"
                letterSpacing="normal"
                size="x-large"
                weight="light"
                wrap="normal"
              >
                Act as foo
              </Text>
            </View>
            <View
              as="div"
              borderColor="default"
              debug={false}
              display="auto"
              focusColor="info"
              focusPosition="offset"
              focused={false}
              overflowX="visible"
              overflowY="visible"
              position="static"
              shouldAnimateFocus={true}
              textAlign="center"
            >
              <Text
                as="span"
                letterSpacing="normal"
                lineHeight="condensed"
                size="small"
                wrap="normal"
              >
                "Act as" is essentially logging in as this user without a password. You will be able to take any action as if you were this user, and from other users' points of views, it will be as if this user performed them. However, audit logs record that you were the one who performed the actions on behalf of this user.
              </Text>
            </View>
            <View
              as="div"
              borderColor="default"
              debug={false}
              display="auto"
              focusColor="info"
              focusPosition="offset"
              focused={false}
              overflowX="visible"
              overflowY="visible"
              position="static"
              shouldAnimateFocus={true}
              textAlign="center"
            >
              <Avatar
                inline={true}
                margin="medium 0 x-small 0"
                name="foo"
                onImageLoaded={[Function]}
                size="small"
                src="testImageUrl"
                variant="circle"
              />
            </View>
            <View
              as="div"
              borderColor="default"
              debug={false}
              display="auto"
              focusColor="info"
              focusPosition="offset"
              focused={false}
              overflowX="visible"
              overflowY="visible"
              position="static"
              shouldAnimateFocus={true}
              textAlign="center"
            >
              <Table
                caption={
                  <ScreenReaderContent
                    as="span"
                  >
                    User details
                  </ScreenReaderContent>
                }
                hover={false}
                layout="auto"
                size="medium"
              >
                <thead>
                  <tr>
                    <th>
                      <ScreenReaderContent
                        as="span"
                      >
                        Category
                      </ScreenReaderContent>
                    </th>
                    <th>
                      <ScreenReaderContent
                        as="span"
                      >
                        User information
                      </ScreenReaderContent>
                    </th>
                  </tr>
                </thead>
                <tbody>
                  <tr>
                    <td>
                      <Text
                        as="span"
                        letterSpacing="normal"
                        size="small"
                        wrap="normal"
                      >
                        Full Name:
                      </Text>
                    </td>
                    <td>
                      <View
                        as="div"
                        borderColor="default"
                        debug={false}
                        display="auto"
                        focusColor="info"
                        focusPosition="offset"
                        focused={false}
                        overflowX="visible"
                        overflowY="visible"
                        position="static"
                        shouldAnimateFocus={true}
                        textAlign="end"
                      >
                        <Text
                          as="span"
                          letterSpacing="normal"
                          size="small"
                          weight="bold"
                          wrap="normal"
                        >
                          test user
                        </Text>
                      </View>
                    </td>
                  </tr>
                  <tr>
                    <td>
                      <Text
                        as="span"
                        letterSpacing="normal"
                        size="small"
                        wrap="normal"
                      >
                        Display Name:
                      </Text>
                    </td>
                    <td>
                      <View
                        as="div"
                        borderColor="default"
                        debug={false}
                        display="auto"
                        focusColor="info"
                        focusPosition="offset"
                        focused={false}
                        overflowX="visible"
                        overflowY="visible"
                        position="static"
                        shouldAnimateFocus={true}
                        textAlign="end"
                      >
                        <Text
                          as="span"
                          letterSpacing="normal"
                          size="small"
                          weight="bold"
                          wrap="normal"
                        >
                          foo
                        </Text>
                      </View>
                    </td>
                  </tr>
                  <tr>
                    <td>
                      <Text
                        as="span"
                        letterSpacing="normal"
                        size="small"
                        wrap="normal"
                      >
                        Sortable Name:
                      </Text>
                    </td>
                    <td>
                      <View
                        as="div"
                        borderColor="default"
                        debug={false}
                        display="auto"
                        focusColor="info"
                        focusPosition="offset"
                        focused={false}
                        overflowX="visible"
                        overflowY="visible"
                        position="static"
                        shouldAnimateFocus={true}
                        textAlign="end"
                      >
                        <Text
                          as="span"
                          letterSpacing="normal"
                          size="small"
                          weight="bold"
                          wrap="normal"
                        >
                          bar, baz
                        </Text>
                      </View>
                    </td>
                  </tr>
                  <tr>
                    <td>
                      <Text
                        as="span"
                        letterSpacing="normal"
                        size="small"
                        wrap="normal"
                      >
                        Default Email:
                      </Text>
                    </td>
                    <td>
                      <View
                        as="div"
                        borderColor="default"
                        debug={false}
                        display="auto"
                        focusColor="info"
                        focusPosition="offset"
                        focused={false}
                        overflowX="visible"
                        overflowY="visible"
                        position="static"
                        shouldAnimateFocus={true}
                        textAlign="end"
                      >
                        <Text
                          as="span"
                          letterSpacing="normal"
                          size="small"
                          weight="bold"
                          wrap="normal"
                        >
                          testUser@test.com
                        </Text>
                      </View>
                    </td>
                  </tr>
                </tbody>
              </Table>
            </View>
            <View
              as="div"
              borderColor="default"
              debug={false}
              display="auto"
              focusColor="info"
              focusPosition="offset"
              focused={false}
              key="qux"
              margin="large 0 0 0"
              overflowX="visible"
              overflowY="visible"
              position="static"
              shouldAnimateFocus={true}
              textAlign="center"
            >
              <Table
                caption={
                  <ScreenReaderContent
                    as="span"
                  >
                    Login info
                  </ScreenReaderContent>
                }
                hover={false}
                layout="auto"
                size="medium"
              >
                <thead>
                  <tr>
                    <th>
                      <ScreenReaderContent
                        as="span"
                      >
                        Category
                      </ScreenReaderContent>
                    </th>
                    <th>
                      <ScreenReaderContent
                        as="span"
                      >
                        User information
                      </ScreenReaderContent>
                    </th>
                  </tr>
                </thead>
                <tbody>
                  <tr>
                    <td>
                      <Text
                        as="span"
                        letterSpacing="normal"
                        size="small"
                        wrap="normal"
                      >
                        Login ID:
                      </Text>
                    </td>
                    <td>
                      <View
                        as="div"
                        borderColor="default"
                        debug={false}
                        display="auto"
                        focusColor="info"
                        focusPosition="offset"
                        focused={false}
                        overflowX="visible"
                        overflowY="visible"
                        position="static"
                        shouldAnimateFocus={true}
                        textAlign="end"
                      >
                        <Text
                          as="span"
                          letterSpacing="normal"
                          size="small"
                          weight="bold"
                          wrap="normal"
                        >
                          qux
                        </Text>
                      </View>
                    </td>
                  </tr>
                  <tr>
                    <td>
                      <Text
                        as="span"
                        letterSpacing="normal"
                        size="small"
                        wrap="normal"
                      >
                        SIS ID:
                      </Text>
                    </td>
                    <td>
                      <View
                        as="div"
                        borderColor="default"
                        debug={false}
                        display="auto"
                        focusColor="info"
                        focusPosition="offset"
                        focused={false}
                        overflowX="visible"
                        overflowY="visible"
                        position="static"
                        shouldAnimateFocus={true}
                        textAlign="end"
                      >
                        <Text
                          as="span"
                          letterSpacing="normal"
                          size="small"
                          weight="bold"
                          wrap="normal"
                        >
                          555
                        </Text>
                      </View>
                    </td>
                  </tr>
                  <tr>
                    <td>
                      <Text
                        as="span"
                        letterSpacing="normal"
                        size="small"
                        wrap="normal"
                      >
                        Integration ID:
                      </Text>
                    </td>
                    <td>
                      <View
                        as="div"
                        borderColor="default"
                        debug={false}
                        display="auto"
                        focusColor="info"
                        focusPosition="offset"
                        focused={false}
                        overflowX="visible"
                        overflowY="visible"
                        position="static"
                        shouldAnimateFocus={true}
                        textAlign="end"
                      >
                        <Text
                          as="span"
                          letterSpacing="normal"
                          size="small"
                          weight="bold"
                          wrap="normal"
                        >
                          222
                        </Text>
                      </View>
                    </td>
                  </tr>
                </tbody>
              </Table>
            </View>
            <View
              as="div"
              borderColor="default"
              debug={false}
              display="auto"
              focusColor="info"
              focusPosition="offset"
              focused={false}
              key="tic"
              margin="large 0 0 0"
              overflowX="visible"
              overflowY="visible"
              position="static"
              shouldAnimateFocus={true}
              textAlign="center"
            >
              <Table
                caption={
                  <ScreenReaderContent
                    as="span"
                  >
                    Login info
                  </ScreenReaderContent>
                }
                hover={false}
                layout="auto"
                size="medium"
              >
                <thead>
                  <tr>
                    <th>
                      <ScreenReaderContent
                        as="span"
                      >
                        Category
                      </ScreenReaderContent>
                    </th>
                    <th>
                      <ScreenReaderContent
                        as="span"
                      >
                        User information
                      </ScreenReaderContent>
                    </th>
                  </tr>
                </thead>
                <tbody>
                  <tr>
                    <td>
                      <Text
                        as="span"
                        letterSpacing="normal"
                        size="small"
                        wrap="normal"
                      >
                        Login ID:
                      </Text>
                    </td>
                    <td>
                      <View
                        as="div"
                        borderColor="default"
                        debug={false}
                        display="auto"
                        focusColor="info"
                        focusPosition="offset"
                        focused={false}
                        overflowX="visible"
                        overflowY="visible"
                        position="static"
                        shouldAnimateFocus={true}
                        textAlign="end"
                      >
                        <Text
                          as="span"
                          letterSpacing="normal"
                          size="small"
                          weight="bold"
                          wrap="normal"
                        >
                          tic
                        </Text>
                      </View>
                    </td>
                  </tr>
                  <tr>
                    <td>
                      <Text
                        as="span"
                        letterSpacing="normal"
                        size="small"
                        wrap="normal"
                      >
                        SIS ID:
                      </Text>
                    </td>
                    <td>
                      <View
                        as="div"
                        borderColor="default"
                        debug={false}
                        display="auto"
                        focusColor="info"
                        focusPosition="offset"
                        focused={false}
                        overflowX="visible"
                        overflowY="visible"
                        position="static"
                        shouldAnimateFocus={true}
                        textAlign="end"
                      >
                        <Text
                          as="span"
                          letterSpacing="normal"
                          size="small"
                          weight="bold"
                          wrap="normal"
                        >
                          777
                        </Text>
                      </View>
                    </td>
                  </tr>
                  <tr>
                    <td>
                      <Text
                        as="span"
                        letterSpacing="normal"
                        size="small"
                        wrap="normal"
                      >
                        Integration ID:
                      </Text>
                    </td>
                    <td>
                      <View
                        as="div"
                        borderColor="default"
                        debug={false}
                        display="auto"
                        focusColor="info"
                        focusPosition="offset"
                        focused={false}
                        overflowX="visible"
                        overflowY="visible"
                        position="static"
                        shouldAnimateFocus={true}
                        textAlign="end"
                      >
                        <Text
                          as="span"
                          letterSpacing="normal"
                          size="small"
                          weight="bold"
                          wrap="normal"
                        >
                          888
                        </Text>
                      </View>
                    </td>
                  </tr>
                </tbody>
              </Table>
            </View>
            <View
              as="div"
              borderColor="default"
              debug={false}
              display="auto"
              focusColor="info"
              focusPosition="offset"
              focused={false}
              overflowX="visible"
              overflowY="visible"
              position="static"
              shouldAnimateFocus={true}
              textAlign="center"
            >
              <Button
                as="button"
                buttonRef={[Function]}
                cursor="pointer"
                data-method="post"
                fluidWidth={false}
                href="/users/5/masquerade"
                margin="large 0 0 0"
                onClick={[Function]}
                size="medium"
                type="button"
                variant="primary"
              >
                Proceed
              </Button>
            </View>
          </View>
        </div>
      </div>
    </ModalBody>
  </CanvasInstUIModal>
</div>
`;
