// Jest Snapshot v1, https://goo.gl/fbAQLP

exports[`renders the AlignmentResult component 1`] = `
<Flex
  alignItems="stretch"
  as="span"
  direction="column"
  display="flex"
  gap="none"
  justifyItems="start"
  padding="small"
  withVisualDebug={false}
  wrap="no-wrap"
>
  <Item
    as="span"
    shouldGrow={false}
    shouldShrink={false}
  >
    <Link
      color="link"
      forceButtonRole={true}
      href="http://foo"
      iconPlacement="start"
      isWithinText={false}
      renderIcon={[Function]}
      themeOverride={
        {
          "fontWeight": "700",
          "mediumHeight": "normal",
          "mediumPaddingHorizontal": "0",
        }
      }
    >
      My assignment
    </Link>
  </Item>
  <Item
    as="span"
    padding="x-small 0"
    shouldGrow={false}
    shouldShrink={false}
  >
    <View
      borderColor="primary"
      display="auto"
      focusColor="info"
      focusPosition="offset"
      overflowX="visible"
      overflowY="visible"
      overscrollBehavior="auto"
      padding="x-small 0 0 0"
      position="static"
      shouldAnimateFocus={true}
      withVisualDebug={false}
    >
      <Text
        as="span"
        fontStyle="italic"
        letterSpacing="normal"
        size="small"
        weight="bold"
        wrap="normal"
      >
        Your score: 1
      </Text>
    </View>
  </Item>
  <Item
    as="span"
    borderWidth="small"
    shouldGrow={false}
    shouldShrink={false}
  >
    <div
      className="react-rubric"
    >
      <div
        className="ratings"
      >
        <Ratings
          assessing={false}
          defaultMasteryThreshold={3}
          footer={null}
          hidePoints={false}
          isSummary={false}
          onPointChange={[Function]}
          points={1}
          pointsPossible={5}
          tiers={
            [
              {
                "description": "My first rating",
              },
              {
                "description": "My second rating",
              },
            ]
          }
          useRange={false}
        />
      </div>
    </div>
  </Item>
</Flex>
`;
