// Jest Snapshot v1, https://goo.gl/fbAQLP

exports[`renders the AlignmentResult component 1`] = `
<Flex
  alignItems="stretch"
  as="span"
  direction="column"
  inline={false}
  justifyItems="start"
  padding="small"
  visualDebug={false}
  wrapItems={false}
>
  <FlexItem
    as="span"
    grow={false}
    shrink={false}
  >
    <Link
      as="button"
      ellipsis={false}
      href="http://foo"
      iconPlacement="start"
      linkRef={[Function]}
      variant="default"
    >
      <Flex
        alignItems="center"
        as="span"
        direction="row"
        inline={false}
        justifyItems="start"
        visualDebug={false}
        wrapItems={false}
      >
        <FlexItem
          as="span"
          grow={false}
          shrink={false}
        >
          <Text
            as="span"
            letterSpacing="normal"
            size="medium"
          >
            <IconQuiz />
          </Text>
        </FlexItem>
        <FlexItem
          as="span"
          grow={false}
          padding="0 x-small"
          shrink={false}
        >
          <Text
            as="span"
            letterSpacing="normal"
            size="medium"
            weight="bold"
          >
            My assignment
          </Text>
        </FlexItem>
      </Flex>
    </Link>
  </FlexItem>
  <FlexItem
    as="span"
    grow={false}
    padding="x-small 0"
    shrink={false}
  >
    <View
      display="auto"
      padding="x-small 0 0 0"
    >
      <Text
        as="span"
        fontStyle="italic"
        letterSpacing="normal"
        size="small"
        weight="bold"
      >
        Your score: 1
      </Text>
    </View>
  </FlexItem>
  <FlexItem
    as="span"
    borderWidth="small"
    grow={false}
    shrink={false}
  >
    <div
      className="react-rubric"
    >
      <div
        className="ratings"
      >
        <Ratings
          assessing={false}
          defaultMasteryThreshold={3}
          footer={null}
          hidePoints={false}
          isSummary={false}
          onPointChange={[Function]}
          points={1}
          pointsPossible={5}
          tiers={
            Array [
              Object {
                "description": "My first rating",
              },
              Object {
                "description": "My second rating",
              },
            ]
          }
          useRange={false}
        />
      </div>
    </div>
  </FlexItem>
</Flex>
`;
