// Jest Snapshot v1, https://goo.gl/fbAQLP

exports[`renders the AlignmentResult component 1`] = `
"<Flex padding=\\"small\\" direction=\\"column\\" alignItems=\\"stretch\\" as=\\"span\\" justifyItems=\\"start\\" inline={false} visualDebug={false} wrapItems={false}>
  <FlexItem as=\\"span\\" grow={false} shrink={false}>
    <Link href=\\"http://foo\\" variant=\\"default\\" as=\\"button\\" linkRef={[Function]} ellipsis={false} iconPlacement=\\"start\\">
      <Flex alignItems=\\"center\\" as=\\"span\\" direction=\\"row\\" justifyItems=\\"start\\" inline={false} visualDebug={false} wrapItems={false}>
        <FlexItem as=\\"span\\" grow={false} shrink={false}>
          <Text size=\\"medium\\" as=\\"span\\" letterSpacing=\\"normal\\">
            <IconQuiz />
          </Text>
        </FlexItem>
        <FlexItem padding=\\"0 x-small\\" as=\\"span\\" grow={false} shrink={false}>
          <Text weight=\\"bold\\" as=\\"span\\" size=\\"medium\\" letterSpacing=\\"normal\\">
            My assignment
          </Text>
        </FlexItem>
      </Flex>
    </Link>
  </FlexItem>
  <FlexItem padding=\\"x-small 0\\" as=\\"span\\" grow={false} shrink={false}>
    <View padding=\\"x-small 0 0 0\\" display=\\"auto\\">
      <Text size=\\"small\\" fontStyle=\\"italic\\" weight=\\"bold\\" as=\\"span\\" letterSpacing=\\"normal\\">
        Your score: 1
      </Text>
    </View>
  </FlexItem>
  <FlexItem borderWidth=\\"small\\" as=\\"span\\" grow={false} shrink={false}>
    <div className=\\"react-rubric\\">
      <div className=\\"ratings\\">
        <Ratings tiers={{...}} points={1} hidePoints={false} useRange={false} customRatings={[undefined]} defaultMasteryThreshold={3} pointsPossible={5} assessing={false} isSummary={false} footer={{...}} onPointChange={[Function]} />
      </div>
    </div>
  </FlexItem>
</Flex>"
`;
