// Jest Snapshot v1, https://goo.gl/fbAQLP

exports[`renders the AlignmentResult component 1`] = `
<Flex
  alignItems="stretch"
  as="span"
  direction="column"
  elementRef={[Function]}
  inline={false}
  justifyItems="start"
  padding="small"
  visualDebug={false}
  wrapItems={false}
>
  <FlexItem
    as="span"
    elementRef={[Function]}
    grow={false}
    shrink={false}
  >
    <Button
      as="button"
      buttonRef={[Function]}
      cursor="pointer"
      fluidWidth={false}
      href="http://foo"
      icon={[Function]}
      margin="0"
      size="medium"
      theme={
        Object {
          "fontWeight": "700",
          "mediumHeight": "normal",
          "mediumPadding": "0",
        }
      }
      type="button"
      variant="link"
    >
      My assignment
    </Button>
  </FlexItem>
  <FlexItem
    as="span"
    elementRef={[Function]}
    grow={false}
    padding="x-small 0"
    shrink={false}
  >
    <View
      borderColor="default"
      debug={false}
      display="auto"
      focusColor="info"
      focusPosition="offset"
      focused={false}
      overflowX="visible"
      overflowY="visible"
      padding="x-small 0 0 0"
      position="static"
      shouldAnimateFocus={true}
    >
      <Text
        as="span"
        fontStyle="italic"
        letterSpacing="normal"
        size="small"
        weight="bold"
        wrap="normal"
      >
        Your score: 1
      </Text>
    </View>
  </FlexItem>
  <FlexItem
    as="span"
    borderWidth="small"
    elementRef={[Function]}
    grow={false}
    shrink={false}
  >
    <div
      className="react-rubric"
    >
      <div
        className="ratings"
      >
        <Ratings
          assessing={false}
          defaultMasteryThreshold={3}
          footer={null}
          hidePoints={false}
          isSummary={false}
          onPointChange={[Function]}
          points={1}
          pointsPossible={5}
          tiers={
            Array [
              Object {
                "description": "My first rating",
              },
              Object {
                "description": "My second rating",
              },
            ]
          }
          useRange={false}
        />
      </div>
    </div>
  </FlexItem>
</Flex>
`;
