// Jest Snapshot v1, https://goo.gl/fbAQLP

exports[`renders the component 1`] = `
<Flex
  alignItems="center"
  as="span"
  direction="row"
  elementRef={[Function]}
  inline={false}
  justifyItems="center"
  padding="medium"
  visualDebug={false}
  wrapItems={false}
>
  <FlexItem
    as="span"
    elementRef={[Function]}
    grow={false}
    shrink={false}
  >
    <Spinner
      as="div"
      renderTitle="Loading outcome results"
      size="large"
      variant="default"
    />
  </FlexItem>
</Flex>
`;
