// Jest Snapshot v1, https://goo.gl/fbAQLP

exports[`properly renders the UnassessedAssignment component 1`] = `
<View
  borderColor="default"
  debug={false}
  display="block"
  focusColor="info"
  focusPosition="offset"
  focused={false}
  key="1"
  overflowX="visible"
  overflowY="visible"
  padding="small"
  position="static"
  shouldAnimateFocus={true}
>
  <ApplyTheme
    immutable={false}
    theme={
      Object {
        Symbol(Button__MTEzMjky): Object {
          "fontWeight": "700",
          "linkColor": "#68777D",
        },
      }
    }
  >
    <Button
      as="button"
      cursor="pointer"
      display="inline-block"
      elementRef={[Function]}
      href="www.example.com"
      icon={[Function]}
      margin="0"
      size="medium"
      textAlign="center"
      theme={
        Object {
          "mediumHeight": "normal",
          "mediumPadding": "0",
        }
      }
      type="button"
      variant="link"
      withBackground={true}
    >
      example
       (
      Not yet assessed
      )
    </Button>
  </ApplyTheme>
</View>
`;
