// Jest Snapshot v1, https://goo.gl/fbAQLP

exports[`The Points component renders the component when assessing with the expected layout 1`] = `
<div
  className="react-rubric-cell graded-points"
>
  <Flex
    alignItems="end"
    as="span"
    direction="row"
    display="flex"
    gap="none"
    justifyItems="start"
    withVisualDebug={false}
    wrap="wrap"
  >
    <Item
      as="span"
      margin="none small none none"
      shouldGrow={false}
      shouldShrink={false}
      size="4rem"
    >
      <TextInput
        display="inline-block"
        isRequired={false}
        messages={[]}
        onChange={[Function]}
        renderLabel={
          <ScreenReaderContent
            as="span"
          >
            Points
          </ScreenReaderContent>
        }
        shouldNotWrap={false}
        size="medium"
        textAlign="start"
        type="text"
        value="1"
        width="4rem"
      />
    </Item>
    <Item
      as="span"
      margin="small none none none"
      shouldGrow={false}
      shouldShrink={false}
    >
      / 2 pts
    </Item>
  </Flex>
</div>
`;

exports[`The Points component renders the root component as expected 1`] = `
<div
  className="react-rubric-cell graded-points"
>
  1 / 2 pts
</div>
`;
