// Jest Snapshot v1, https://goo.gl/fbAQLP

exports[`the Rubric component hides the score total when needed 1`] = `
<div
  className="react-rubric"
  style={
    {
      "minWidth": "37.5rem",
    }
  }
>
  <Table
    caption="Point Rubric"
    hover={false}
    layout="auto"
  >
    <Head>
      <Row>
        <ColHeader
          id="table-heading-criteria"
          key="TableHeadingCriteria"
          scope="col"
          sortDirection="none"
          textAlign="start"
        >
          Criteria
        </ColHeader>
        <ColHeader
          id="table-heading-ratings"
          key="TableHeadingRatings"
          scope="col"
          sortDirection="none"
          textAlign="start"
        >
          Ratings
        </ColHeader>
        <ColHeader
          id="table-heading-points"
          key="TableHeadingPoints"
          scope="col"
          sortDirection="none"
          textAlign="start"
        >
          Pts
        </ColHeader>
      </Row>
      <Row>
        <ColHeader
          colSpan={3}
          id="rubric-title"
          scope="col"
          sortDirection="none"
          textAlign="start"
        >
          Point Rubric
        </ColHeader>
      </Row>
      <Row>
        <ColHeader
          id="table-heading-criteria"
          key="TableHeadingCriteria"
          scope="col"
          sortDirection="none"
          textAlign="start"
        >
          Criteria
        </ColHeader>
        <ColHeader
          id="table-heading-ratings"
          key="TableHeadingRatings"
          scope="col"
          sortDirection="none"
          textAlign="start"
        >
          Ratings
        </ColHeader>
        <ColHeader
          id="table-heading-points"
          key="TableHeadingPoints"
          scope="col"
          sortDirection="none"
          textAlign="start"
        >
          Pts
        </ColHeader>
      </Row>
    </Head>
    <Body
      data-testid="criterions"
    >
      <Row
        allowExtraCredit={false}
        allowSavedComments={true}
        assessment={
          {
            "comments": "i'd like to say some things",
            "comments_enabled": true,
            "criterion_id": "_1384",
            "description": "bleh",
            "editComments": true,
            "id": "7_4778",
            "learning_outcome_id": null,
            "points": {
              "text": null,
              "valid": true,
              "value": 3.2,
            },
          }
        }
        criterion={
          {
            "criterion_use_range": false,
            "description": "Description of criterion",
            "id": "_1384",
            "long_description": "",
            "points": 8,
            "ratings": [
              {
                "criterion_id": "_1384",
                "description": "Full Marks",
                "id": "blank",
                "long_description": "",
                "points": 8,
              },
              {
                "criterion_id": "_1384",
                "description": "bleh",
                "id": "7_4778",
                "long_description": "blah",
                "points": 3,
              },
              {
                "criterion_id": "_1384",
                "description": "No Marks",
                "id": "blank_2",
                "long_description": "",
                "points": 0,
              },
            ],
          }
        }
        customRatings={[]}
        freeForm={false}
        hasPointsColumn={true}
        hidePoints={false}
        isSummary={false}
        key="_1384"
        onAssessmentChange={null}
        savedComments={[]}
      />
      <Row
        allowExtraCredit={false}
        allowSavedComments={true}
        assessment={
          {
            "above_threshold": false,
            "comments": "here too",
            "comments_enabled": true,
            "criterion_id": "7_391",
            "description": "Naturligvis hadde han ogsaa længe forstaat hvorfor Inger hadde.",
            "editComments": true,
            "id": "7_6639",
            "learning_outcome_id": "612",
            "points": {
              "text": null,
              "valid": true,
              "value": 3,
            },
          }
        }
        criterion={
          {
            "criterion_use_range": false,
            "description": "Javel, Isak hadde ogsaa lauvet kraftig og hadde nu en Mængde Lauv av bedste Slag.",
            "id": "7_391",
            "ignore_for_scoring": false,
            "learning_outcome_id": "612",
            "long_description": "sa Sivert.",
            "mastery_points": 3,
            "points": 3,
            "ratings": [
              {
                "criterion_id": "7_391",
                "description": "Naturligvis hadde han ogsaa længe forstaat hvorfor Inger hadde ordet om.",
                "id": "7_6639",
                "long_description": "",
                "points": 3,
              },
              {
                "criterion_id": "7_391",
                "description": "De levet tæt hos hverandre som Dyr i Skogen, de sov og spiste, det lidde saa.",
                "id": "7_194",
                "long_description": "",
                "points": 2,
              },
              {
                "criterion_id": "7_391",
                "description": "Et graat og rødt Uldtørklæde med Frynser var pragtfuldt paa hendes mørke Haar.",
                "id": "7_8479",
                "long_description": "",
                "points": 1,
              },
            ],
          }
        }
        customRatings={[]}
        freeForm={false}
        hasPointsColumn={true}
        hidePoints={false}
        isSummary={false}
        key="7_391"
        onAssessmentChange={null}
        savedComments={[]}
      />
    </Body>
  </Table>
</div>
`;

exports[`the Rubric component points column does have a points column if points hidden, not freeform, and assessing 1`] = `
<div
  className="react-rubric"
  style={
    {
      "minWidth": "37.5rem",
    }
  }
>
  <Table
    caption="Point Rubric"
    hover={false}
    layout="auto"
  >
    <Head>
      <Row>
        <ColHeader
          id="table-heading-criteria"
          key="TableHeadingCriteria"
          scope="col"
          sortDirection="none"
          textAlign="start"
        >
          Criteria
        </ColHeader>
        <ColHeader
          id="table-heading-ratings"
          key="TableHeadingRatings"
          scope="col"
          sortDirection="none"
          textAlign="start"
        >
          Ratings
        </ColHeader>
        <ColHeader
          id="table-heading-points"
          key="TableHeadingPoints"
          scope="col"
          sortDirection="none"
          textAlign="start"
        >
          Pts
        </ColHeader>
      </Row>
      <Row>
        <ColHeader
          colSpan={3}
          id="rubric-title"
          scope="col"
          sortDirection="none"
          textAlign="start"
        >
          Point Rubric
        </ColHeader>
      </Row>
      <Row>
        <ColHeader
          id="table-heading-criteria"
          key="TableHeadingCriteria"
          scope="col"
          sortDirection="none"
          textAlign="start"
        >
          Criteria
        </ColHeader>
        <ColHeader
          id="table-heading-ratings"
          key="TableHeadingRatings"
          scope="col"
          sortDirection="none"
          textAlign="start"
        >
          Ratings
        </ColHeader>
        <ColHeader
          id="table-heading-points"
          key="TableHeadingPoints"
          scope="col"
          sortDirection="none"
          textAlign="start"
        >
          Pts
        </ColHeader>
      </Row>
    </Head>
    <Body
      data-testid="criterions"
    >
      <Row
        allowExtraCredit={false}
        allowSavedComments={true}
        assessment={
          {
            "comments": "i'd like to say some things",
            "comments_enabled": true,
            "criterion_id": "_1384",
            "description": "bleh",
            "editComments": true,
            "id": "7_4778",
            "learning_outcome_id": null,
            "points": {
              "text": null,
              "valid": true,
              "value": 3.2,
            },
          }
        }
        criterion={
          {
            "criterion_use_range": false,
            "description": "Description of criterion",
            "id": "_1384",
            "long_description": "",
            "points": 8,
            "ratings": [
              {
                "criterion_id": "_1384",
                "description": "Full Marks",
                "id": "blank",
                "long_description": "",
                "points": 8,
              },
              {
                "criterion_id": "_1384",
                "description": "bleh",
                "id": "7_4778",
                "long_description": "blah",
                "points": 3,
              },
              {
                "criterion_id": "_1384",
                "description": "No Marks",
                "id": "blank_2",
                "long_description": "",
                "points": 0,
              },
            ],
          }
        }
        customRatings={[]}
        freeForm={false}
        hasPointsColumn={true}
        hidePoints={true}
        isSummary={false}
        key="_1384"
        onAssessmentChange={[Function]}
        savedComments={[]}
      />
      <Row
        allowExtraCredit={false}
        allowSavedComments={true}
        assessment={
          {
            "above_threshold": false,
            "comments": "here too",
            "comments_enabled": true,
            "criterion_id": "7_391",
            "description": "Naturligvis hadde han ogsaa længe forstaat hvorfor Inger hadde.",
            "editComments": true,
            "id": "7_6639",
            "learning_outcome_id": "612",
            "points": {
              "text": null,
              "valid": true,
              "value": 3,
            },
          }
        }
        criterion={
          {
            "criterion_use_range": false,
            "description": "Javel, Isak hadde ogsaa lauvet kraftig og hadde nu en Mængde Lauv av bedste Slag.",
            "id": "7_391",
            "ignore_for_scoring": false,
            "learning_outcome_id": "612",
            "long_description": "sa Sivert.",
            "mastery_points": 3,
            "points": 3,
            "ratings": [
              {
                "criterion_id": "7_391",
                "description": "Naturligvis hadde han ogsaa længe forstaat hvorfor Inger hadde ordet om.",
                "id": "7_6639",
                "long_description": "",
                "points": 3,
              },
              {
                "criterion_id": "7_391",
                "description": "De levet tæt hos hverandre som Dyr i Skogen, de sov og spiste, det lidde saa.",
                "id": "7_194",
                "long_description": "",
                "points": 2,
              },
              {
                "criterion_id": "7_391",
                "description": "Et graat og rødt Uldtørklæde med Frynser var pragtfuldt paa hendes mørke Haar.",
                "id": "7_8479",
                "long_description": "",
                "points": 1,
              },
            ],
          }
        }
        customRatings={[]}
        freeForm={false}
        hasPointsColumn={true}
        hidePoints={true}
        isSummary={false}
        key="7_391"
        onAssessmentChange={[Function]}
        savedComments={[]}
      />
    </Body>
  </Table>
</div>
`;

exports[`the Rubric component points column does not have a points column if points hidden and freeform 1`] = `
<div
  className="react-rubric"
  style={
    {
      "minWidth": "30rem",
    }
  }
>
  <Table
    caption="Point Rubric"
    hover={false}
    layout="auto"
  >
    <Head>
      <Row>
        <ColHeader
          id="table-heading-criteria"
          key="TableHeadingCriteria"
          scope="col"
          sortDirection="none"
          textAlign="start"
        >
          Criteria
        </ColHeader>
        <ColHeader
          id="table-heading-ratings"
          key="TableHeadingRatings"
          scope="col"
          sortDirection="none"
          textAlign="start"
        >
          Ratings
        </ColHeader>
      </Row>
      <Row>
        <ColHeader
          colSpan={2}
          id="rubric-title"
          scope="col"
          sortDirection="none"
          textAlign="start"
        >
          Point Rubric
        </ColHeader>
      </Row>
      <Row>
        <ColHeader
          id="table-heading-criteria"
          key="TableHeadingCriteria"
          scope="col"
          sortDirection="none"
          textAlign="start"
        >
          Criteria
        </ColHeader>
        <ColHeader
          id="table-heading-ratings"
          key="TableHeadingRatings"
          scope="col"
          sortDirection="none"
          textAlign="start"
        >
          Ratings
        </ColHeader>
      </Row>
    </Head>
    <Body
      data-testid="criterions"
    >
      <Row
        allowExtraCredit={false}
        allowSavedComments={true}
        assessment={
          {
            "comments": "i'd like to say some things",
            "comments_enabled": true,
            "criterion_id": "_1384",
            "description": "bleh",
            "editComments": true,
            "id": "7_4778",
            "learning_outcome_id": null,
            "points": {
              "text": null,
              "valid": true,
              "value": 3.2,
            },
          }
        }
        criterion={
          {
            "criterion_use_range": false,
            "description": "Description of criterion",
            "id": "_1384",
            "long_description": "",
            "points": 8,
            "ratings": [
              {
                "criterion_id": "_1384",
                "description": "Full Marks",
                "id": "blank",
                "long_description": "",
                "points": 8,
              },
              {
                "criterion_id": "_1384",
                "description": "bleh",
                "id": "7_4778",
                "long_description": "blah",
                "points": 3,
              },
              {
                "criterion_id": "_1384",
                "description": "No Marks",
                "id": "blank_2",
                "long_description": "",
                "points": 0,
              },
            ],
          }
        }
        customRatings={[]}
        freeForm={true}
        hasPointsColumn={false}
        hidePoints={true}
        isSummary={false}
        key="_1384"
        onAssessmentChange={[Function]}
        savedComments={[]}
      />
      <Row
        allowExtraCredit={false}
        allowSavedComments={true}
        assessment={
          {
            "above_threshold": false,
            "comments": "here too",
            "comments_enabled": true,
            "criterion_id": "7_391",
            "description": "Naturligvis hadde han ogsaa længe forstaat hvorfor Inger hadde.",
            "editComments": true,
            "id": "7_6639",
            "learning_outcome_id": "612",
            "points": {
              "text": null,
              "valid": true,
              "value": 3,
            },
          }
        }
        criterion={
          {
            "criterion_use_range": false,
            "description": "Javel, Isak hadde ogsaa lauvet kraftig og hadde nu en Mængde Lauv av bedste Slag.",
            "id": "7_391",
            "ignore_for_scoring": false,
            "learning_outcome_id": "612",
            "long_description": "sa Sivert.",
            "mastery_points": 3,
            "points": 3,
            "ratings": [
              {
                "criterion_id": "7_391",
                "description": "Naturligvis hadde han ogsaa længe forstaat hvorfor Inger hadde ordet om.",
                "id": "7_6639",
                "long_description": "",
                "points": 3,
              },
              {
                "criterion_id": "7_391",
                "description": "De levet tæt hos hverandre som Dyr i Skogen, de sov og spiste, det lidde saa.",
                "id": "7_194",
                "long_description": "",
                "points": 2,
              },
              {
                "criterion_id": "7_391",
                "description": "Et graat og rødt Uldtørklæde med Frynser var pragtfuldt paa hendes mørke Haar.",
                "id": "7_8479",
                "long_description": "",
                "points": 1,
              },
            ],
          }
        }
        customRatings={[]}
        freeForm={true}
        hasPointsColumn={false}
        hidePoints={true}
        isSummary={false}
        key="7_391"
        onAssessmentChange={[Function]}
        savedComments={[]}
      />
    </Body>
  </Table>
</div>
`;

exports[`the Rubric component points column does not have a points column if points hidden and not assessing 1`] = `
<div
  className="react-rubric"
  style={
    {
      "minWidth": "37.5rem",
    }
  }
>
  <Table
    caption="Point Rubric"
    hover={false}
    layout="auto"
  >
    <Head>
      <Row>
        <ColHeader
          id="table-heading-criteria"
          key="TableHeadingCriteria"
          scope="col"
          sortDirection="none"
          textAlign="start"
        >
          Criteria
        </ColHeader>
        <ColHeader
          id="table-heading-ratings"
          key="TableHeadingRatings"
          scope="col"
          sortDirection="none"
          textAlign="start"
        >
          Ratings
        </ColHeader>
      </Row>
      <Row>
        <ColHeader
          colSpan={2}
          id="rubric-title"
          scope="col"
          sortDirection="none"
          textAlign="start"
        >
          Point Rubric
        </ColHeader>
      </Row>
      <Row>
        <ColHeader
          id="table-heading-criteria"
          key="TableHeadingCriteria"
          scope="col"
          sortDirection="none"
          textAlign="start"
        >
          Criteria
        </ColHeader>
        <ColHeader
          id="table-heading-ratings"
          key="TableHeadingRatings"
          scope="col"
          sortDirection="none"
          textAlign="start"
        >
          Ratings
        </ColHeader>
      </Row>
    </Head>
    <Body
      data-testid="criterions"
    >
      <Row
        allowExtraCredit={false}
        allowSavedComments={true}
        assessment={
          {
            "comments": "i'd like to say some things",
            "comments_enabled": true,
            "criterion_id": "_1384",
            "description": "bleh",
            "editComments": true,
            "id": "7_4778",
            "learning_outcome_id": null,
            "points": {
              "text": null,
              "valid": true,
              "value": 3.2,
            },
          }
        }
        criterion={
          {
            "criterion_use_range": false,
            "description": "Description of criterion",
            "id": "_1384",
            "long_description": "",
            "points": 8,
            "ratings": [
              {
                "criterion_id": "_1384",
                "description": "Full Marks",
                "id": "blank",
                "long_description": "",
                "points": 8,
              },
              {
                "criterion_id": "_1384",
                "description": "bleh",
                "id": "7_4778",
                "long_description": "blah",
                "points": 3,
              },
              {
                "criterion_id": "_1384",
                "description": "No Marks",
                "id": "blank_2",
                "long_description": "",
                "points": 0,
              },
            ],
          }
        }
        customRatings={[]}
        freeForm={false}
        hasPointsColumn={false}
        hidePoints={true}
        isSummary={false}
        key="_1384"
        onAssessmentChange={null}
        savedComments={[]}
      />
      <Row
        allowExtraCredit={false}
        allowSavedComments={true}
        assessment={
          {
            "above_threshold": false,
            "comments": "here too",
            "comments_enabled": true,
            "criterion_id": "7_391",
            "description": "Naturligvis hadde han ogsaa længe forstaat hvorfor Inger hadde.",
            "editComments": true,
            "id": "7_6639",
            "learning_outcome_id": "612",
            "points": {
              "text": null,
              "valid": true,
              "value": 3,
            },
          }
        }
        criterion={
          {
            "criterion_use_range": false,
            "description": "Javel, Isak hadde ogsaa lauvet kraftig og hadde nu en Mængde Lauv av bedste Slag.",
            "id": "7_391",
            "ignore_for_scoring": false,
            "learning_outcome_id": "612",
            "long_description": "sa Sivert.",
            "mastery_points": 3,
            "points": 3,
            "ratings": [
              {
                "criterion_id": "7_391",
                "description": "Naturligvis hadde han ogsaa længe forstaat hvorfor Inger hadde ordet om.",
                "id": "7_6639",
                "long_description": "",
                "points": 3,
              },
              {
                "criterion_id": "7_391",
                "description": "De levet tæt hos hverandre som Dyr i Skogen, de sov og spiste, det lidde saa.",
                "id": "7_194",
                "long_description": "",
                "points": 2,
              },
              {
                "criterion_id": "7_391",
                "description": "Et graat og rødt Uldtørklæde med Frynser var pragtfuldt paa hendes mørke Haar.",
                "id": "7_8479",
                "long_description": "",
                "points": 1,
              },
            ],
          }
        }
        customRatings={[]}
        freeForm={false}
        hasPointsColumn={false}
        hidePoints={true}
        isSummary={false}
        key="7_391"
        onAssessmentChange={null}
        savedComments={[]}
      />
    </Body>
  </Table>
</div>
`;

exports[`the Rubric component points column does not have a points column in summary mode 1`] = `
<div
  className="react-rubric"
  style={{}}
>
  <Table
    caption="Point Rubric"
    hover={false}
    layout="auto"
  >
    <Head>
      <Row>
        <ColHeader
          id="table-heading-criteria"
          key="TableHeadingCriteria"
          scope="col"
          sortDirection="none"
          textAlign="start"
        >
          Criteria
        </ColHeader>
        <ColHeader
          id="table-heading-ratings"
          key="TableHeadingRatings"
          scope="col"
          sortDirection="none"
          textAlign="start"
        >
          Ratings
        </ColHeader>
      </Row>
      <Row>
        <ColHeader
          colSpan={2}
          id="rubric-title"
          scope="col"
          sortDirection="none"
          textAlign="start"
        >
          Point Rubric
        </ColHeader>
      </Row>
      <Row>
        <ColHeader
          id="table-heading-criteria"
          key="TableHeadingCriteria"
          scope="col"
          sortDirection="none"
          textAlign="start"
        >
          Criteria
        </ColHeader>
        <ColHeader
          id="table-heading-ratings"
          key="TableHeadingRatings"
          scope="col"
          sortDirection="none"
          textAlign="start"
        >
          Ratings
        </ColHeader>
      </Row>
    </Head>
    <Body
      data-testid="criterions"
    >
      <Row
        allowExtraCredit={false}
        allowSavedComments={true}
        assessment={
          {
            "comments": "i'd like to say some things",
            "comments_enabled": true,
            "criterion_id": "_1384",
            "description": "bleh",
            "editComments": true,
            "id": "7_4778",
            "learning_outcome_id": null,
            "points": {
              "text": null,
              "valid": true,
              "value": 3.2,
            },
          }
        }
        criterion={
          {
            "criterion_use_range": false,
            "description": "Description of criterion",
            "id": "_1384",
            "long_description": "",
            "points": 8,
            "ratings": [
              {
                "criterion_id": "_1384",
                "description": "Full Marks",
                "id": "blank",
                "long_description": "",
                "points": 8,
              },
              {
                "criterion_id": "_1384",
                "description": "bleh",
                "id": "7_4778",
                "long_description": "blah",
                "points": 3,
              },
              {
                "criterion_id": "_1384",
                "description": "No Marks",
                "id": "blank_2",
                "long_description": "",
                "points": 0,
              },
            ],
          }
        }
        customRatings={[]}
        freeForm={false}
        hasPointsColumn={false}
        hidePoints={false}
        isSummary={true}
        key="_1384"
        onAssessmentChange={[Function]}
        savedComments={[]}
      />
      <Row
        allowExtraCredit={false}
        allowSavedComments={true}
        assessment={
          {
            "above_threshold": false,
            "comments": "here too",
            "comments_enabled": true,
            "criterion_id": "7_391",
            "description": "Naturligvis hadde han ogsaa længe forstaat hvorfor Inger hadde.",
            "editComments": true,
            "id": "7_6639",
            "learning_outcome_id": "612",
            "points": {
              "text": null,
              "valid": true,
              "value": 3,
            },
          }
        }
        criterion={
          {
            "criterion_use_range": false,
            "description": "Javel, Isak hadde ogsaa lauvet kraftig og hadde nu en Mængde Lauv av bedste Slag.",
            "id": "7_391",
            "ignore_for_scoring": false,
            "learning_outcome_id": "612",
            "long_description": "sa Sivert.",
            "mastery_points": 3,
            "points": 3,
            "ratings": [
              {
                "criterion_id": "7_391",
                "description": "Naturligvis hadde han ogsaa længe forstaat hvorfor Inger hadde ordet om.",
                "id": "7_6639",
                "long_description": "",
                "points": 3,
              },
              {
                "criterion_id": "7_391",
                "description": "De levet tæt hos hverandre som Dyr i Skogen, de sov og spiste, det lidde saa.",
                "id": "7_194",
                "long_description": "",
                "points": 2,
              },
              {
                "criterion_id": "7_391",
                "description": "Et graat og rødt Uldtørklæde med Frynser var pragtfuldt paa hendes mørke Haar.",
                "id": "7_8479",
                "long_description": "",
                "points": 1,
              },
            ],
          }
        }
        customRatings={[]}
        freeForm={false}
        hasPointsColumn={false}
        hidePoints={false}
        isSummary={true}
        key="7_391"
        onAssessmentChange={[Function]}
        savedComments={[]}
      />
      <Row>
        <Cell
          colSpan={2}
          textAlign="start"
        >
          <Flex
            as="span"
            direction="row"
            display="flex"
            gap="none"
            justifyItems="end"
            withVisualDebug={false}
            wrap="no-wrap"
          >
            <Item
              as="span"
              data-selenium="rubric_total"
              shouldGrow={false}
              shouldShrink={false}
            >
              Total Points: 6 out of 11
            </Item>
          </Flex>
        </Cell>
      </Row>
    </Body>
  </Table>
</div>
`;

exports[`the Rubric component points column has a points column if points visible 1`] = `
<div
  className="react-rubric"
  style={
    {
      "minWidth": "37.5rem",
    }
  }
>
  <Table
    caption="Point Rubric"
    hover={false}
    layout="auto"
  >
    <Head>
      <Row>
        <ColHeader
          id="table-heading-criteria"
          key="TableHeadingCriteria"
          scope="col"
          sortDirection="none"
          textAlign="start"
        >
          Criteria
        </ColHeader>
        <ColHeader
          id="table-heading-ratings"
          key="TableHeadingRatings"
          scope="col"
          sortDirection="none"
          textAlign="start"
        >
          Ratings
        </ColHeader>
        <ColHeader
          id="table-heading-points"
          key="TableHeadingPoints"
          scope="col"
          sortDirection="none"
          textAlign="start"
        >
          Pts
        </ColHeader>
      </Row>
      <Row>
        <ColHeader
          colSpan={3}
          id="rubric-title"
          scope="col"
          sortDirection="none"
          textAlign="start"
        >
          Point Rubric
        </ColHeader>
      </Row>
      <Row>
        <ColHeader
          id="table-heading-criteria"
          key="TableHeadingCriteria"
          scope="col"
          sortDirection="none"
          textAlign="start"
        >
          Criteria
        </ColHeader>
        <ColHeader
          id="table-heading-ratings"
          key="TableHeadingRatings"
          scope="col"
          sortDirection="none"
          textAlign="start"
        >
          Ratings
        </ColHeader>
        <ColHeader
          id="table-heading-points"
          key="TableHeadingPoints"
          scope="col"
          sortDirection="none"
          textAlign="start"
        >
          Pts
        </ColHeader>
      </Row>
    </Head>
    <Body
      data-testid="criterions"
    >
      <Row
        allowExtraCredit={false}
        allowSavedComments={true}
        assessment={
          {
            "comments": "i'd like to say some things",
            "comments_enabled": true,
            "criterion_id": "_1384",
            "description": "bleh",
            "editComments": true,
            "id": "7_4778",
            "learning_outcome_id": null,
            "points": {
              "text": null,
              "valid": true,
              "value": 3.2,
            },
          }
        }
        criterion={
          {
            "criterion_use_range": false,
            "description": "Description of criterion",
            "id": "_1384",
            "long_description": "",
            "points": 8,
            "ratings": [
              {
                "criterion_id": "_1384",
                "description": "Full Marks",
                "id": "blank",
                "long_description": "",
                "points": 8,
              },
              {
                "criterion_id": "_1384",
                "description": "bleh",
                "id": "7_4778",
                "long_description": "blah",
                "points": 3,
              },
              {
                "criterion_id": "_1384",
                "description": "No Marks",
                "id": "blank_2",
                "long_description": "",
                "points": 0,
              },
            ],
          }
        }
        customRatings={[]}
        freeForm={false}
        hasPointsColumn={true}
        hidePoints={false}
        isSummary={false}
        key="_1384"
        onAssessmentChange={[Function]}
        savedComments={[]}
      />
      <Row
        allowExtraCredit={false}
        allowSavedComments={true}
        assessment={
          {
            "above_threshold": false,
            "comments": "here too",
            "comments_enabled": true,
            "criterion_id": "7_391",
            "description": "Naturligvis hadde han ogsaa længe forstaat hvorfor Inger hadde.",
            "editComments": true,
            "id": "7_6639",
            "learning_outcome_id": "612",
            "points": {
              "text": null,
              "valid": true,
              "value": 3,
            },
          }
        }
        criterion={
          {
            "criterion_use_range": false,
            "description": "Javel, Isak hadde ogsaa lauvet kraftig og hadde nu en Mængde Lauv av bedste Slag.",
            "id": "7_391",
            "ignore_for_scoring": false,
            "learning_outcome_id": "612",
            "long_description": "sa Sivert.",
            "mastery_points": 3,
            "points": 3,
            "ratings": [
              {
                "criterion_id": "7_391",
                "description": "Naturligvis hadde han ogsaa længe forstaat hvorfor Inger hadde ordet om.",
                "id": "7_6639",
                "long_description": "",
                "points": 3,
              },
              {
                "criterion_id": "7_391",
                "description": "De levet tæt hos hverandre som Dyr i Skogen, de sov og spiste, det lidde saa.",
                "id": "7_194",
                "long_description": "",
                "points": 2,
              },
              {
                "criterion_id": "7_391",
                "description": "Et graat og rødt Uldtørklæde med Frynser var pragtfuldt paa hendes mørke Haar.",
                "id": "7_8479",
                "long_description": "",
                "points": 1,
              },
            ],
          }
        }
        customRatings={[]}
        freeForm={false}
        hasPointsColumn={true}
        hidePoints={false}
        isSummary={false}
        key="7_391"
        onAssessmentChange={[Function]}
        savedComments={[]}
      />
      <Row>
        <Cell
          colSpan={3}
          textAlign="start"
        >
          <Flex
            as="span"
            direction="row"
            display="flex"
            gap="none"
            justifyItems="end"
            withVisualDebug={false}
            wrap="no-wrap"
          >
            <Item
              as="span"
              data-selenium="rubric_total"
              shouldGrow={false}
              shouldShrink={false}
            >
              Total Points: 6 out of 11
            </Item>
          </Flex>
        </Cell>
      </Row>
    </Body>
  </Table>
</div>
`;

exports[`the Rubric component renders as expected 1`] = `
<div
  className="react-rubric"
  style={
    {
      "minWidth": "37.5rem",
    }
  }
>
  <Table
    caption="Point Rubric"
    hover={false}
    layout="auto"
  >
    <Head>
      <Row>
        <ColHeader
          id="table-heading-criteria"
          key="TableHeadingCriteria"
          scope="col"
          sortDirection="none"
          textAlign="start"
        >
          Criteria
        </ColHeader>
        <ColHeader
          id="table-heading-ratings"
          key="TableHeadingRatings"
          scope="col"
          sortDirection="none"
          textAlign="start"
        >
          Ratings
        </ColHeader>
        <ColHeader
          id="table-heading-points"
          key="TableHeadingPoints"
          scope="col"
          sortDirection="none"
          textAlign="start"
        >
          Pts
        </ColHeader>
      </Row>
      <Row>
        <ColHeader
          colSpan={3}
          id="rubric-title"
          scope="col"
          sortDirection="none"
          textAlign="start"
        >
          Point Rubric
        </ColHeader>
      </Row>
      <Row>
        <ColHeader
          id="table-heading-criteria"
          key="TableHeadingCriteria"
          scope="col"
          sortDirection="none"
          textAlign="start"
        >
          Criteria
        </ColHeader>
        <ColHeader
          id="table-heading-ratings"
          key="TableHeadingRatings"
          scope="col"
          sortDirection="none"
          textAlign="start"
        >
          Ratings
        </ColHeader>
        <ColHeader
          id="table-heading-points"
          key="TableHeadingPoints"
          scope="col"
          sortDirection="none"
          textAlign="start"
        >
          Pts
        </ColHeader>
      </Row>
    </Head>
    <Body
      data-testid="criterions"
    >
      <Row
        allowExtraCredit={false}
        allowSavedComments={true}
        assessment={
          {
            "comments": "i'd like to say some things",
            "comments_enabled": true,
            "criterion_id": "_1384",
            "description": "bleh",
            "editComments": true,
            "id": "7_4778",
            "learning_outcome_id": null,
            "points": {
              "text": null,
              "valid": true,
              "value": 3.2,
            },
          }
        }
        criterion={
          {
            "criterion_use_range": false,
            "description": "Description of criterion",
            "id": "_1384",
            "long_description": "",
            "points": 8,
            "ratings": [
              {
                "criterion_id": "_1384",
                "description": "Full Marks",
                "id": "blank",
                "long_description": "",
                "points": 8,
              },
              {
                "criterion_id": "_1384",
                "description": "bleh",
                "id": "7_4778",
                "long_description": "blah",
                "points": 3,
              },
              {
                "criterion_id": "_1384",
                "description": "No Marks",
                "id": "blank_2",
                "long_description": "",
                "points": 0,
              },
            ],
          }
        }
        customRatings={[]}
        freeForm={false}
        hasPointsColumn={true}
        hidePoints={false}
        isSummary={false}
        key="_1384"
        onAssessmentChange={null}
        savedComments={[]}
      />
      <Row
        allowExtraCredit={false}
        allowSavedComments={true}
        assessment={
          {
            "above_threshold": false,
            "comments": "here too",
            "comments_enabled": true,
            "criterion_id": "7_391",
            "description": "Naturligvis hadde han ogsaa længe forstaat hvorfor Inger hadde.",
            "editComments": true,
            "id": "7_6639",
            "learning_outcome_id": "612",
            "points": {
              "text": null,
              "valid": true,
              "value": 3,
            },
          }
        }
        criterion={
          {
            "criterion_use_range": false,
            "description": "Javel, Isak hadde ogsaa lauvet kraftig og hadde nu en Mængde Lauv av bedste Slag.",
            "id": "7_391",
            "ignore_for_scoring": false,
            "learning_outcome_id": "612",
            "long_description": "sa Sivert.",
            "mastery_points": 3,
            "points": 3,
            "ratings": [
              {
                "criterion_id": "7_391",
                "description": "Naturligvis hadde han ogsaa længe forstaat hvorfor Inger hadde ordet om.",
                "id": "7_6639",
                "long_description": "",
                "points": 3,
              },
              {
                "criterion_id": "7_391",
                "description": "De levet tæt hos hverandre som Dyr i Skogen, de sov og spiste, det lidde saa.",
                "id": "7_194",
                "long_description": "",
                "points": 2,
              },
              {
                "criterion_id": "7_391",
                "description": "Et graat og rødt Uldtørklæde med Frynser var pragtfuldt paa hendes mørke Haar.",
                "id": "7_8479",
                "long_description": "",
                "points": 1,
              },
            ],
          }
        }
        customRatings={[]}
        freeForm={false}
        hasPointsColumn={true}
        hidePoints={false}
        isSummary={false}
        key="7_391"
        onAssessmentChange={null}
        savedComments={[]}
      />
      <Row>
        <Cell
          colSpan={3}
          textAlign="start"
        >
          <Flex
            as="span"
            direction="row"
            display="flex"
            gap="none"
            justifyItems="end"
            withVisualDebug={false}
            wrap="no-wrap"
          >
            <Item
              as="span"
              data-selenium="rubric_total"
              shouldGrow={false}
              shouldShrink={false}
            >
              Total Points: 6
            </Item>
          </Flex>
        </Cell>
      </Row>
    </Body>
  </Table>
</div>
`;

exports[`the Rubric component renders properly with no assessment 1`] = `
<div
  className="react-rubric"
  style={
    {
      "minWidth": "37.5rem",
    }
  }
>
  <Table
    caption="Point Rubric"
    hover={false}
    layout="auto"
  >
    <Head>
      <Row>
        <ColHeader
          id="table-heading-criteria"
          key="TableHeadingCriteria"
          scope="col"
          sortDirection="none"
          textAlign="start"
        >
          Criteria
        </ColHeader>
        <ColHeader
          id="table-heading-ratings"
          key="TableHeadingRatings"
          scope="col"
          sortDirection="none"
          textAlign="start"
        >
          Ratings
        </ColHeader>
        <ColHeader
          id="table-heading-points"
          key="TableHeadingPoints"
          scope="col"
          sortDirection="none"
          textAlign="start"
        >
          Pts
        </ColHeader>
      </Row>
      <Row>
        <ColHeader
          colSpan={3}
          id="rubric-title"
          scope="col"
          sortDirection="none"
          textAlign="start"
        >
          Point Rubric
        </ColHeader>
      </Row>
      <Row>
        <ColHeader
          id="table-heading-criteria"
          key="TableHeadingCriteria"
          scope="col"
          sortDirection="none"
          textAlign="start"
        >
          Criteria
        </ColHeader>
        <ColHeader
          id="table-heading-ratings"
          key="TableHeadingRatings"
          scope="col"
          sortDirection="none"
          textAlign="start"
        >
          Ratings
        </ColHeader>
        <ColHeader
          id="table-heading-points"
          key="TableHeadingPoints"
          scope="col"
          sortDirection="none"
          textAlign="start"
        >
          Pts
        </ColHeader>
      </Row>
    </Head>
    <Body
      data-testid="criterions"
    >
      <Row
        allowExtraCredit={false}
        allowSavedComments={true}
        assessment={null}
        criterion={
          {
            "criterion_use_range": false,
            "description": "Description of criterion",
            "id": "_1384",
            "long_description": "",
            "points": 8,
            "ratings": [
              {
                "criterion_id": "_1384",
                "description": "Full Marks",
                "id": "blank",
                "long_description": "",
                "points": 8,
              },
              {
                "criterion_id": "_1384",
                "description": "bleh",
                "id": "7_4778",
                "long_description": "blah",
                "points": 3,
              },
              {
                "criterion_id": "_1384",
                "description": "No Marks",
                "id": "blank_2",
                "long_description": "",
                "points": 0,
              },
            ],
          }
        }
        customRatings={[]}
        freeForm={false}
        hasPointsColumn={true}
        hidePoints={false}
        isSummary={false}
        key="_1384"
        onAssessmentChange={null}
        savedComments={[]}
      />
      <Row
        allowExtraCredit={false}
        allowSavedComments={true}
        assessment={null}
        criterion={
          {
            "criterion_use_range": false,
            "description": "Javel, Isak hadde ogsaa lauvet kraftig og hadde nu en Mængde Lauv av bedste Slag.",
            "id": "7_391",
            "ignore_for_scoring": false,
            "learning_outcome_id": "612",
            "long_description": "sa Sivert.",
            "mastery_points": 3,
            "points": 3,
            "ratings": [
              {
                "criterion_id": "7_391",
                "description": "Naturligvis hadde han ogsaa længe forstaat hvorfor Inger hadde ordet om.",
                "id": "7_6639",
                "long_description": "",
                "points": 3,
              },
              {
                "criterion_id": "7_391",
                "description": "De levet tæt hos hverandre som Dyr i Skogen, de sov og spiste, det lidde saa.",
                "id": "7_194",
                "long_description": "",
                "points": 2,
              },
              {
                "criterion_id": "7_391",
                "description": "Et graat og rødt Uldtørklæde med Frynser var pragtfuldt paa hendes mørke Haar.",
                "id": "7_8479",
                "long_description": "",
                "points": 1,
              },
            ],
          }
        }
        customRatings={[]}
        freeForm={false}
        hasPointsColumn={true}
        hidePoints={false}
        isSummary={false}
        key="7_391"
        onAssessmentChange={null}
        savedComments={[]}
      />
      <Row>
        <Cell
          colSpan={3}
          textAlign="start"
        >
          <Flex
            as="span"
            direction="row"
            display="flex"
            gap="none"
            justifyItems="end"
            withVisualDebug={false}
            wrap="no-wrap"
          >
            <Item
              as="span"
              data-selenium="rubric_total"
              shouldGrow={false}
              shouldShrink={false}
            >
              Total Points: 11
            </Item>
          </Flex>
        </Cell>
      </Row>
    </Body>
  </Table>
</div>
`;

exports[`the Rubric component updates the total score when an individual criterion point assessment changes 1`] = `
<div
  className="react-rubric"
  style={
    {
      "minWidth": "37.5rem",
    }
  }
>
  <Table
    caption="Point Rubric"
    hover={false}
    layout="auto"
  >
    <Head>
      <Row>
        <ColHeader
          id="table-heading-criteria"
          key="TableHeadingCriteria"
          scope="col"
          sortDirection="none"
          textAlign="start"
        >
          Criteria
        </ColHeader>
        <ColHeader
          id="table-heading-ratings"
          key="TableHeadingRatings"
          scope="col"
          sortDirection="none"
          textAlign="start"
        >
          Ratings
        </ColHeader>
        <ColHeader
          id="table-heading-points"
          key="TableHeadingPoints"
          scope="col"
          sortDirection="none"
          textAlign="start"
        >
          Pts
        </ColHeader>
      </Row>
      <Row>
        <ColHeader
          colSpan={3}
          id="rubric-title"
          scope="col"
          sortDirection="none"
          textAlign="start"
        >
          Point Rubric
        </ColHeader>
      </Row>
      <Row>
        <ColHeader
          id="table-heading-criteria"
          key="TableHeadingCriteria"
          scope="col"
          sortDirection="none"
          textAlign="start"
        >
          Criteria
        </ColHeader>
        <ColHeader
          id="table-heading-ratings"
          key="TableHeadingRatings"
          scope="col"
          sortDirection="none"
          textAlign="start"
        >
          Ratings
        </ColHeader>
        <ColHeader
          id="table-heading-points"
          key="TableHeadingPoints"
          scope="col"
          sortDirection="none"
          textAlign="start"
        >
          Pts
        </ColHeader>
      </Row>
    </Head>
    <Body
      data-testid="criterions"
    >
      <Row
        allowExtraCredit={false}
        allowSavedComments={true}
        assessment={
          {
            "comments": "i'd like to say some things",
            "comments_enabled": true,
            "criterion_id": "_1384",
            "description": "bleh",
            "editComments": true,
            "id": "7_4778",
            "learning_outcome_id": null,
            "points": {
              "valid": true,
              "value": 2,
            },
          }
        }
        criterion={
          {
            "criterion_use_range": false,
            "description": "Description of criterion",
            "id": "_1384",
            "long_description": "",
            "points": 8,
            "ratings": [
              {
                "criterion_id": "_1384",
                "description": "Full Marks",
                "id": "blank",
                "long_description": "",
                "points": 8,
              },
              {
                "criterion_id": "_1384",
                "description": "bleh",
                "id": "7_4778",
                "long_description": "blah",
                "points": 3,
              },
              {
                "criterion_id": "_1384",
                "description": "No Marks",
                "id": "blank_2",
                "long_description": "",
                "points": 0,
              },
            ],
          }
        }
        customRatings={[]}
        freeForm={false}
        hasPointsColumn={true}
        hidePoints={false}
        isSummary={false}
        key="_1384"
        onAssessmentChange={[Function]}
        savedComments={[]}
      />
      <Row
        allowExtraCredit={false}
        allowSavedComments={true}
        assessment={
          {
            "above_threshold": false,
            "comments": "here too",
            "comments_enabled": true,
            "criterion_id": "7_391",
            "description": "Naturligvis hadde han ogsaa længe forstaat hvorfor Inger hadde.",
            "editComments": true,
            "id": "7_6639",
            "learning_outcome_id": "612",
            "points": {
              "text": null,
              "valid": true,
              "value": 3,
            },
          }
        }
        criterion={
          {
            "criterion_use_range": false,
            "description": "Javel, Isak hadde ogsaa lauvet kraftig og hadde nu en Mængde Lauv av bedste Slag.",
            "id": "7_391",
            "ignore_for_scoring": false,
            "learning_outcome_id": "612",
            "long_description": "sa Sivert.",
            "mastery_points": 3,
            "points": 3,
            "ratings": [
              {
                "criterion_id": "7_391",
                "description": "Naturligvis hadde han ogsaa længe forstaat hvorfor Inger hadde ordet om.",
                "id": "7_6639",
                "long_description": "",
                "points": 3,
              },
              {
                "criterion_id": "7_391",
                "description": "De levet tæt hos hverandre som Dyr i Skogen, de sov og spiste, det lidde saa.",
                "id": "7_194",
                "long_description": "",
                "points": 2,
              },
              {
                "criterion_id": "7_391",
                "description": "Et graat og rødt Uldtørklæde med Frynser var pragtfuldt paa hendes mørke Haar.",
                "id": "7_8479",
                "long_description": "",
                "points": 1,
              },
            ],
          }
        }
        customRatings={[]}
        freeForm={false}
        hasPointsColumn={true}
        hidePoints={false}
        isSummary={false}
        key="7_391"
        onAssessmentChange={[Function]}
        savedComments={[]}
      />
      <Row>
        <Cell
          colSpan={3}
          textAlign="start"
        >
          <Flex
            as="span"
            direction="row"
            display="flex"
            gap="none"
            justifyItems="end"
            withVisualDebug={false}
            wrap="no-wrap"
          >
            <Item
              as="span"
              data-selenium="rubric_total"
              shouldGrow={false}
              shouldShrink={false}
            >
              Total Points: 5 out of 11
            </Item>
          </Flex>
        </Cell>
      </Row>
    </Body>
  </Table>
</div>
`;
