// Jest Snapshot v1, https://goo.gl/fbAQLP

exports[`The Comments component directly renders comments_html 1`] = `"<div>I award you <b>no</b> points, and may God have mercy on your soul.</div>"`;

exports[`The Comments component renders a footer after the comment when provided 1`] = `
<div
  className="rubric-freeform"
>
  <CommentText
    assessment={
      Object {
        "above_threshold": false,
        "comments": "I award you no points, and may God have mercy on your soul.",
        "comments_enabled": true,
        "comments_html": "I award you <b>no</b> points, and may God have mercy on your soul.",
        "criterion_id": "7_391",
        "description": "No details",
        "editComments": true,
        "learning_outcome_id": "612",
        "points": Object {
          "text": null,
          "valid": true,
          "value": 0,
        },
      }
    }
    placeholder="This area will be used by the assessor to leave comments related to this criterion."
    weight="normal"
  />
  <div>
    this is a footer
  </div>
</div>
`;

exports[`The Comments component renders a placeholder when no assessment provided 1`] = `
<span
  className="react-rubric-break-words"
>
  <Text
    as="span"
    letterSpacing="normal"
    size="x-small"
    weight="normal"
  >
    This area will be used by the assessor to leave comments related to this criterion.
  </Text>
</span>
`;

exports[`The Comments component renders the root component as expected when editing 1`] = `
<FreeFormComments
  allowSaving={true}
  comments="I award you no points, and may God have mercy on your soul."
  large={true}
  saveLater={false}
  savedComments={
    Array [
      "I award you no points",
      "May god have mercy on your soul",
    ]
  }
  setComments={[Function]}
  setSaveLater={[Function]}
/>
`;
