// Jest Snapshot v1, https://goo.gl/fbAQLP

exports[`The CommentButton component renders the root component as expected 1`] = `
<div>
  <Button
    as="button"
    buttonRef={[Function]}
    cursor="pointer"
    fluidWidth={false}
    icon={<IconFeedback />}
    margin="0 x-small 0 0"
    onClick={[Function]}
    size="medium"
    type="button"
    variant="icon"
  >
    <ScreenReaderContent
      as="span"
    >
      Add Additional Comments
    </ScreenReaderContent>
  </Button>
</div>
`;
