// Jest Snapshot v1, https://goo.gl/fbAQLP

exports[`The Points component renders the component when assessing with the expected layout 1`] = `
<div
  className="react-rubric-cell graded-points"
>
  <Flex
    alignItems="end"
    as="span"
    direction="row"
    inline={false}
    justifyItems="start"
    visualDebug={false}
    wrapItems={true}
  >
    <FlexItem
      as="span"
      grow={false}
      margin="none small none none"
      shrink={false}
      size="4rem"
    >
      <TextInput
        disabled={false}
        inline={true}
        inputRef={[Function]}
        label={
          <ScreenReaderContent
            as="span"
          >
            Points
          </ScreenReaderContent>
        }
        layout="stacked"
        messages={Array []}
        onChange={[Function]}
        readOnly={false}
        size="medium"
        textAlign="start"
        type="text"
        value="1"
        width="4rem"
      />
    </FlexItem>
    <FlexItem
      as="span"
      grow={false}
      margin="small none none none"
      shrink={false}
    >
      / 2 pts
    </FlexItem>
  </Flex>
</div>
`;

exports[`The Points component renders the root component as expected 1`] = `
<div
  className="react-rubric-cell graded-points"
>
  1 / 2 pts
</div>
`;
