// Jest Snapshot v1, https://goo.gl/fbAQLP

exports[`renders the ProficiencyRating component 1`] = `
<Row>
  <Cell
    textAlign="center"
  >
    <div
      style={
        Object {
          "display": "inline-block",
        }
      }
    >
      <RadioInput
        checked={false}
        context="success"
        disabled={false}
        inline={false}
        label={
          <ScreenReaderContent
            as="span"
          >
            Change mastery
          </ScreenReaderContent>
        }
        onChange={[Function]}
        onClick={[Function]}
        readOnly={false}
        size="medium"
        variant="simple"
      />
    </div>
  </Cell>
  <Cell
    textAlign="start"
  >
    <TextInput
      defaultValue="Stellar"
      display="block"
      inputContainerRef={[Function]}
      inputRef={[Function]}
      isRequired={false}
      messages={null}
      onBlur={[Function]}
      onChange={[Function]}
      onFocus={[Function]}
      renderLabel={
        <ScreenReaderContent
          as="span"
        >
          Change description
        </ScreenReaderContent>
      }
      shouldNotWrap={false}
      size="medium"
      textAlign="start"
      type="text"
    />
  </Cell>
  <Cell
    textAlign="start"
  >
    <TextInput
      defaultValue="10"
      display="block"
      inputContainerRef={[Function]}
      inputRef={[Function]}
      isRequired={false}
      messages={null}
      onBlur={[Function]}
      onChange={[Function]}
      onFocus={[Function]}
      renderLabel={
        <ScreenReaderContent
          as="span"
        >
          Change points
        </ScreenReaderContent>
      }
      shouldNotWrap={false}
      size="medium"
      textAlign="start"
      type="text"
      width="4rem"
    />
  </Cell>
  <Cell
    textAlign="start"
  >
    <span
      style={
        Object {
          "whiteSpace": "nowrap",
        }
      }
    >
      <Popover
        color="primary"
        constrain="window"
        contentRef={[Function]}
        defaultIsShowingContent={false}
        insertAt="bottom"
        offsetX={0}
        offsetY={0}
        on="click"
        onBlur={[Function]}
        onClick={[Function]}
        onFocus={[Function]}
        onHideContent={[Function]}
        onKeyDown={[Function]}
        onKeyUp={[Function]}
        onMouseOut={[Function]}
        onMouseOver={[Function]}
        onPositionChanged={[Function]}
        onPositioned={[Function]}
        onShowContent={[Function]}
        onToggle={[Function]}
        placement="bottom center"
        renderTrigger={null}
        shadow="resting"
        shouldAlignArrow={false}
        shouldCloseOnDocumentClick={true}
        shouldCloseOnEscape={true}
        shouldContainFocus={false}
        shouldFocusContentOnTriggerBlur={false}
        shouldRenderOffscreen={false}
        shouldReturnFocus={true}
        shouldTrackPosition={true}
        show={false}
        stacking="topmost"
        withArrow={true}
      >
        <PopoverTrigger>
          <Button
            as="button"
            cursor="pointer"
            display="inline-block"
            elementRef={[Function]}
            margin="0"
            size="medium"
            textAlign="center"
            type="button"
            variant="link"
            withBackground={true}
          >
            <div>
              <span
                className="colorPickerIcon"
                style={
                  Object {
                    "background": "#00ff00",
                  }
                }
              />
              Change
            </div>
          </Button>
        </PopoverTrigger>
        <PopoverContent>
          <ColorPicker
            afterClose={[Function]}
            allowWhite={false}
            colors={
              Array [
                Object {
                  "hexcode": "#BD3C14",
                  "name": "Brick",
                },
                Object {
                  "hexcode": "#FF2717",
                  "name": "Red",
                },
                Object {
                  "hexcode": "#E71F63",
                  "name": "Magenta",
                },
                Object {
                  "hexcode": "#8F3E97",
                  "name": "Purple",
                },
                Object {
                  "hexcode": "#65499D",
                  "name": "Deep Purple",
                },
                Object {
                  "hexcode": "#4554A4",
                  "name": "Indigo",
                },
                Object {
                  "hexcode": "#1770AB",
                  "name": "Blue",
                },
                Object {
                  "hexcode": "#0B9BE3",
                  "name": "Light Blue",
                },
                Object {
                  "hexcode": "#06A3B7",
                  "name": "Cyan",
                },
                Object {
                  "hexcode": "#009688",
                  "name": "Teal",
                },
                Object {
                  "hexcode": "#009606",
                  "name": "Green",
                },
                Object {
                  "hexcode": "#8D9900",
                  "name": "Olive",
                },
                Object {
                  "hexcode": "#D97900",
                  "name": "Pumpkin",
                },
                Object {
                  "hexcode": "#FD5D10",
                  "name": "Orange",
                },
                Object {
                  "hexcode": "#F06291",
                  "name": "Pink",
                },
              ]
            }
            currentColor="#00ff00"
            focusOnMount={false}
            hideOnScroll={false}
            hidePrompt={true}
            isOpen={true}
            nonModal={true}
            parentComponent="ProficiencyRating"
            setStatusColor={[Function]}
            withAnimation={false}
            withArrow={false}
            withBorder={false}
            withBoxShadow={false}
            withDarkCheck={false}
          />
        </PopoverContent>
      </Popover>
      <div
        className="delete"
      >
        <Button
          as="button"
          buttonRef={[Function]}
          cursor="pointer"
          disabled={false}
          display="inline-block"
          elementRef={[Function]}
          icon={<IconTrashLine />}
          margin="0"
          onClick={[Function]}
          size="medium"
          textAlign="center"
          type="button"
          variant="icon"
          withBackground={true}
        >
          <ScreenReaderContent
            as="span"
          >
            Delete proficiency rating
          </ScreenReaderContent>
        </Button>
      </div>
    </span>
  </Cell>
</Row>
`;
