// Jest Snapshot v1, https://goo.gl/fbAQLP

exports[`RubricManagement renders the RubricManagement component 1`] = `
<Tabs
  elementRef={[Function]}
  onRequestTabChange={[Function]}
  shouldFocusOnRender={false}
  tabOverflow="stack"
  variant="default"
>
  <Panel
    elementRef={[Function]}
    id="tab-panel-rubrics"
    isDisabled={false}
    isSelected={true}
    labelledBy={null}
    padding="small"
    renderTitle="Account Rubrics"
    textAlign="start"
    variant="default"
  >
    <RubricPanel />
  </Panel>
  <Panel
    elementRef={[Function]}
    id="tab-panel-mastery"
    isDisabled={false}
    isSelected={false}
    labelledBy={null}
    padding="small"
    renderTitle="Learning Mastery"
    textAlign="start"
    variant="default"
  >
    <ProficiencyTable
      accountId="1"
      focusTab={[Function]}
    />
  </Panel>
</Tabs>
`;
