// Jest Snapshot v1, https://goo.gl/fbAQLP

exports[`ProficiencyRating can not manage renders the ProficiencyRating component 1`] = `
<div>
  <span
    class="css-z9i8tq-view--flex-flex"
    dir="ltr"
    direction="row"
    wrap="no-wrap"
  >
    <span
      class="css-1xez2b2-view-flexItem"
      dir="ltr"
    >
      <div
        class="mastery view-only"
      />
    </span>
    <span
      class="css-1333inx-view-flexItem"
      dir="ltr"
    >
      <div
        class="description"
      >
        <span
          class="css-rf2qwm-text"
          letter-spacing="normal"
          wrap="normal"
        >
          <span
            class="css-r9cwls-screenReaderContent"
          >
            Description for mastery level 1: Stellar
          </span>
          <span
            aria-hidden="true"
          >
            Stellar
          </span>
        </span>
      </div>
    </span>
    <span
      class="css-15mppfp-view-flexItem"
      dir="ltr"
    >
      <div
        class="points"
      >
        <span
          class="css-k7j00b-view"
          dir="ltr"
        >
          <span
            class="css-r9cwls-screenReaderContent"
          >
            Points for mastery level 1: 10.0
          </span>
          <span
            aria-hidden="true"
          >
            10
            <div
              class="pointsDescription view-only"
            >
              points
            </div>
          </span>
        </span>
      </div>
    </span>
    <span
      class="css-2lonl-view-flexItem"
      dir="ltr"
    >
      <div
        class="color"
      >
        <span
          class="colorPickerIcon"
          style="background: rgb(0, 255, 0); margin-left: 2rem;"
        >
          <span
            class="css-r9cwls-screenReaderContent"
          >
            Color #00ff00 for mastery level 1
          </span>
        </span>
      </div>
    </span>
  </span>
</div>
`;
