// Jest Snapshot v1, https://goo.gl/fbAQLP

exports[`FileBrowser renders 1`] = `
<div
  className="file-browser__container"
>
  <Text
    as="span"
    letterSpacing="normal"
    size="medium"
    wrap="normal"
  >
    Available folders
  </Text>
  <div
    className="file-browser__tree"
  >
    <TreeBrowser
      collectionIcon={[Function]}
      collectionIconExpanded={[Function]}
      collections={
        Object {
          "0": Object {
            "collections": Array [],
            "id": 0,
          },
        }
      }
      defaultExpanded={Array []}
      getCollectionProps={[Function]}
      getItemProps={[Function]}
      itemIcon={[Function]}
      items={Object {}}
      onCollectionClick={[Function]}
      onCollectionToggle={[Function]}
      onItemClick={[Function]}
      rootId={0}
      selectionType="single"
      showRootCollection={false}
      size="medium"
      sortOrder={[Function]}
      treeLabel="Folder tree"
      variant="folderTree"
    />
    <Spinner
      as="div"
      renderTitle="Loading folders"
      size="small"
      variant="default"
    />
  </div>
  <div
    className="image-upload__form"
  >
    <input
      accept="image/*"
      className="hidden"
      onChange={[Function]}
      type="file"
    />
    <Button
      as="button"
      color="primary"
      cursor="pointer"
      disabled={true}
      display="inline-block"
      id="image-upload__upload"
      margin="0"
      onClick={[Function]}
      renderIcon={[Function]}
      size="medium"
      textAlign="center"
      type="button"
      withBackground={false}
    >
      Upload File
       
      <ScreenReaderContent
        as="span"
      >
        Upload not available for this folder
      </ScreenReaderContent>
    </Button>
  </div>
</div>
`;
